// Jest Snapshot v1, https://goo.gl/fbAQLP

exports[`Carts 스냅샷 테스트 1`] = `
<DocumentFragment>
  <h1
    class="pt-5 pb-3 font-bold text-center"
  >
    내 장바구니
  </h1>
  <ul
    class="pt-4 pb-4 pl-6 pr-6 border-t border-b w-11/12 mr-auto ml-auto"
  >
    <li
      class="flex items-center mb-2 last:mb-0"
    >
      <div
        aria-label="go-to-product-detail"
        class="w-1/3 mr-4 basis-1/6 cursor-pointer"
        role="img"
      >
        <img
          alt="핫핑크 후드 HOODY"
          class="w-full h-full"
          src="http://image/"
        />
      </div>
      <div
        class="flex justify-between flex-grow basis-2/3"
      >
        <div
          class="flex flex-col justify-center"
        >
          <h3>
            핫핑크 후드 HOODY
          </h3>
          <span
            class="uppercase text-shoppypink font-bold"
          >
            s
          </span>
          <span>
            ₩40000
          </span>
        </div>
        <div
          class="flex"
        >
          <button
            aria-label="deleteCount"
            class="mr-1"
            type="button"
          >
            <svg
              fill="currentColor"
              height="1em"
              stroke="currentColor"
              stroke-width="0"
              viewBox="0 0 1024 1024"
              width="1em"
              xmlns="http://www.w3.org/2000/svg"
            >
              <path
                d="M328 544h368c4.4 0 8-3.6 8-8v-48c0-4.4-3.6-8-8-8H328c-4.4 0-8 3.6-8 8v48c0 4.4 3.6 8 8 8z"
              />
              <path
                d="M880 112H144c-17.7 0-32 14.3-32 32v736c0 17.7 14.3 32 32 32h736c17.7 0 32-14.3 32-32V144c0-17.7-14.3-32-32-32zm-40 728H184V184h656v656z"
              />
            </svg>
          </button>
          <span
            class="mr-1 flex items-center"
          >
            1
          </span>
          <button
            aria-label="addCount"
            class="mr-3"
            type="button"
          >
            <svg
              fill="currentColor"
              height="1em"
              stroke="currentColor"
              stroke-width="0"
              viewBox="0 0 1024 1024"
              width="1em"
              xmlns="http://www.w3.org/2000/svg"
            >
              <path
                d="M328 544h152v152c0 4.4 3.6 8 8 8h48c4.4 0 8-3.6 8-8V544h152c4.4 0 8-3.6 8-8v-48c0-4.4-3.6-8-8-8H544V328c0-4.4-3.6-8-8-8h-48c-4.4 0-8 3.6-8 8v152H328c-4.4 0-8 3.6-8 8v48c0 4.4 3.6 8 8 8z"
              />
              <path
                d="M880 112H144c-17.7 0-32 14.3-32 32v736c0 17.7 14.3 32 32 32h736c17.7 0 32-14.3 32-32V144c0-17.7-14.3-32-32-32zm-40 728H184V184h656v656z"
              />
            </svg>
          </button>
          <button
            aria-label="deleteCarts"
            type="button"
          >
            <svg
              fill="currentColor"
              height="1em"
              stroke="currentColor"
              stroke-width="0"
              viewBox="0 0 16 16"
              width="1em"
              xmlns="http://www.w3.org/2000/svg"
            >
              <path
                d="M2.5 1a1 1 0 0 0-1 1v1a1 1 0 0 0 1 1H3v9a2 2 0 0 0 2 2h6a2 2 0 0 0 2-2V4h.5a1 1 0 0 0 1-1V2a1 1 0 0 0-1-1H10a1 1 0 0 0-1-1H7a1 1 0 0 0-1 1H2.5zm3 4a.5.5 0 0 1 .5.5v7a.5.5 0 0 1-1 0v-7a.5.5 0 0 1 .5-.5zM8 5a.5.5 0 0 1 .5.5v7a.5.5 0 0 1-1 0v-7A.5.5 0 0 1 8 5zm3 .5v7a.5.5 0 0 1-1 0v-7a.5.5 0 0 1 1 0z"
              />
            </svg>
          </button>
        </div>
      </div>
    </li>
  </ul>
  <div
    class="flex flex-col items-center"
  >
    <span>
      총가격
    </span>
    <strong
      class="text-shoppypink"
    >
      ₩43000
    </strong>
  </div>
</DocumentFragment>
`;
